Backgammon multiplayer server running on port 8080
New client connected
Room 37 created by ee
New client connected
ww joined room 37
Client disconnected
New client connected
ss joined room 37
Client disconnected
Client disconnected
New client connected
Room 62 created by 1
New client connected
2 joined room 62
Client disconnected
New client connected
Room 50 created by 1
Client disconnected
New client connected
1 joined room 50
Client disconnected
Client disconnected
New client connected
Room 27 created by a
New client connected
w joined room 27
Client disconnected
Client disconnected
New client connected
Room 73 created by aa
New client connected
ss joined room 73
Client disconnected
Client disconnected
New client connected
Room 58 created by qq
New client connected
22 joined room 58
Client disconnected
Client disconnected
New client connected
Room 13 created by qqq
New client connected
13 joined room 13
Client disconnected
Client disconnected
New client connected
Room 14 created by aa
New client connected
14 joined room 14
Client disconnected
New client connected
13 joined room 14
Client disconnected
Client disconnected
New client connected
Room 82 created by aa
New client connected
82 joined room 82
